#
# There is insufficient memory for the Java Runtime Environment to continue.
# Native memory allocation (malloc) failed to allocate 2129296 bytes. Error detail: Chunk::new
# Possible reasons:
#   The system is out of physical RAM or swap space
#   This process is running with CompressedOops enabled, and the Java Heap may be blocking the growth of the native heap
# Possible solutions:
#   Reduce memory load on the system
#   Increase physical memory or swap space
#   Check if swap backing store is full
#   Decrease Java heap size (-Xmx/-Xms)
#   Decrease number of Java threads
#   Decrease Java thread stack sizes (-Xss)
#   Set larger code cache with -XX:ReservedCodeCacheSize=
#   JVM is running with Unscaled Compressed Oops mode in which the Java heap is
#     placed in the first 4GB address space. The Java Heap base address is the
#     maximum limit for the native heap growth. Please use -XX:HeapBaseMinAddress
#     to set the Java Heap base and to place the Java Heap above 4GB virtual address.
# This output file may be truncated or incomplete.
#
#  Out of Memory Error (arena.cpp:168), pid=26680, tid=11748
#
# JRE version: OpenJDK Runtime Environment Temurin-21.0.9+10 (21.0.9+10) (build 21.0.9+10-LTS)
# Java VM: OpenJDK 64-Bit Server VM Temurin-21.0.9+10 (21.0.9+10-LTS, mixed mode, sharing, tiered, compressed oops, compressed class ptrs, parallel gc, windows-amd64)
# No core dump will be written. Minidumps are not enabled by default on client versions of Windows
#

---------------  S U M M A R Y ------------

Command Line: --add-modules=ALL-SYSTEM --add-opens=java.base/java.util=ALL-UNNAMED --add-opens=java.base/java.lang=ALL-UNNAMED --add-opens=java.base/sun.nio.fs=ALL-UNNAMED -Declipse.application=org.eclipse.jdt.ls.core.id1 -Dosgi.bundles.defaultStartLevel=4 -Declipse.product=org.eclipse.jdt.ls.core.product -Djava.import.generatesMetadataFilesAtProjectRoot=false -DDetectVMInstallationsJob.disabled=true -Dfile.encoding=utf8 -XX:+UseParallelGC -XX:GCTimeRatio=4 -XX:AdaptiveSizePolicyWeight=90 -Dsun.zip.disableMemoryMapping=true -Xmx2G -Xms100m -Xlog:disable -javaagent:c:\Users\prcri\.vscode\extensions\redhat.java-1.51.0-win32-x64\lombok\lombok-1.18.39-4050.jar -XX:+HeapDumpOnOutOfMemoryError -XX:HeapDumpPath=c:\Users\prcri\AppData\Roaming\Code\User\workspaceStorage\9bac68a4509a4c6ff0f03304305a388a\redhat.java -Daether.dependencyCollector.impl=bf c:\Users\prcri\.vscode\extensions\redhat.java-1.51.0-win32-x64\server\plugins\org.eclipse.equinox.launcher_1.7.100.v20251111-0406.jar -configuration c:\Users\prcri\AppData\Roaming\Code\User\globalStorage\redhat.java\1.51.0\config_win -data c:\Users\prcri\AppData\Roaming\Code\User\workspaceStorage\9bac68a4509a4c6ff0f03304305a388a\redhat.java\jdt_ws --pipe=\\.\pipe\lsp-3076be3d7f3b703a6f480eed6a94ad77-sock

Host: AMD Ryzen 5 7535HS with Radeon Graphics        , 12 cores, 7G,  Windows 11 , 64 bit Build 26100 (10.0.26100.7623)
Time: Wed Jan 28 10:42:17 2026 Central Standard Time elapsed time: 14.602111 seconds (0d 0h 0m 14s)

---------------  T H R E A D  ---------------

Current thread (0x0000013a1b799e80):  JavaThread "C2 CompilerThread0" daemon [_thread_in_native, id=11748, stack(0x0000000241500000,0x0000000241600000) (1024K)]


Current CompileTask:
C2:14603 3897       4       org.lombokweb.asm.ClassReader::readMethod (1070 bytes)

Stack: [0x0000000241500000,0x0000000241600000]
Native frames: (J=compiled Java code, j=interpreted, Vv=VM code, C=native code)
V  [jvm.dll+0x6d6e29]
V  [jvm.dll+0x8b4b76]
V  [jvm.dll+0x8b712e]
V  [jvm.dll+0x8b7813]
V  [jvm.dll+0x283d86]
V  [jvm.dll+0xc66ed]
V  [jvm.dll+0xc6c31]
V  [jvm.dll+0x3be501]
V  [jvm.dll+0x1e3d59]
V  [jvm.dll+0x24c0f3]
V  [jvm.dll+0x24b580]
V  [jvm.dll+0x1cb13e]
V  [jvm.dll+0x25b29d]
V  [jvm.dll+0x25982a]
V  [jvm.dll+0x3f7ea6]
V  [jvm.dll+0x85e9ad]
V  [jvm.dll+0x6d565d]
C  [ucrtbase.dll+0x37b0]
C  [KERNEL32.DLL+0x2e8d7]
C  [ntdll.dll+0x8c53c]


---------------  P R O C E S S  ---------------

Threads class SMR info:
_java_thread_list=0x0000013a207fa370, length=26, elements={
0x00000139c0054360, 0x0000013a1b7744b0, 0x00000139d86dc1c0, 0x0000013a1b777910,
0x0000013a1b778560, 0x0000013a1b77eda0, 0x0000013a1b785e20, 0x0000013a1b799e80,
0x0000013a1b79e480, 0x0000013a1b916f80, 0x0000013a1ba7a720, 0x0000013a205c7710,
0x0000013a205ba790, 0x0000013a204afeb0, 0x0000013a20576a20, 0x0000013a20cfbaf0,
0x0000013a20b2f1d0, 0x0000013a20a7c8d0, 0x0000013a20a7c240, 0x0000013a20a7d5f0,
0x0000013a20a7dc80, 0x0000013a20a7f030, 0x0000013a20a7bbb0, 0x0000013a20a7e310,
0x0000013a20a7e9a0, 0x0000013a22f7f500
}

Java Threads: ( => current thread )
  0x00000139c0054360 JavaThread "main"                              [_thread_in_Java, id=23764, stack(0x0000000240b00000,0x0000000240c00000) (1024K)]
  0x0000013a1b7744b0 JavaThread "Reference Handler"          daemon [_thread_blocked, id=37012, stack(0x0000000240f00000,0x0000000241000000) (1024K)]
  0x00000139d86dc1c0 JavaThread "Finalizer"                  daemon [_thread_blocked, id=29592, stack(0x0000000241000000,0x0000000241100000) (1024K)]
  0x0000013a1b777910 JavaThread "Signal Dispatcher"          daemon [_thread_blocked, id=37748, stack(0x0000000241100000,0x0000000241200000) (1024K)]
  0x0000013a1b778560 JavaThread "Attach Listener"            daemon [_thread_blocked, id=29956, stack(0x0000000241200000,0x0000000241300000) (1024K)]
  0x0000013a1b77eda0 JavaThread "Service Thread"             daemon [_thread_blocked, id=30632, stack(0x0000000241300000,0x0000000241400000) (1024K)]
  0x0000013a1b785e20 JavaThread "Monitor Deflation Thread"   daemon [_thread_blocked, id=19984, stack(0x0000000241400000,0x0000000241500000) (1024K)]
=>0x0000013a1b799e80 JavaThread "C2 CompilerThread0"         daemon [_thread_in_native, id=11748, stack(0x0000000241500000,0x0000000241600000) (1024K)]
  0x0000013a1b79e480 JavaThread "C1 CompilerThread0"         daemon [_thread_in_native, id=38448, stack(0x0000000241600000,0x0000000241700000) (1024K)]
  0x0000013a1b916f80 JavaThread "Common-Cleaner"             daemon [_thread_blocked, id=28156, stack(0x0000000241700000,0x0000000241800000) (1024K)]
  0x0000013a1ba7a720 JavaThread "Notification Thread"        daemon [_thread_blocked, id=31548, stack(0x0000000241800000,0x0000000241900000) (1024K)]
  0x0000013a205c7710 JavaThread "Active Thread: Equinox Container: 35edb800-6080-4d9a-acc1-7d494f23a175"        [_thread_blocked, id=31864, stack(0x0000000241f00000,0x0000000242000000) (1024K)]
  0x0000013a205ba790 JavaThread "Refresh Thread: Equinox Container: 35edb800-6080-4d9a-acc1-7d494f23a175" daemon [_thread_blocked, id=11696, stack(0x0000000242100000,0x0000000242200000) (1024K)]
  0x0000013a204afeb0 JavaThread "Framework Event Dispatcher: Equinox Container: 35edb800-6080-4d9a-acc1-7d494f23a175" daemon [_thread_blocked, id=11296, stack(0x0000000242200000,0x0000000242300000) (1024K)]
  0x0000013a20576a20 JavaThread "Start Level: Equinox Container: 35edb800-6080-4d9a-acc1-7d494f23a175" daemon [_thread_blocked, id=1028, stack(0x0000000242300000,0x0000000242400000) (1024K)]
  0x0000013a20cfbaf0 JavaThread "Bundle File Closer"         daemon [_thread_blocked, id=35904, stack(0x0000000242600000,0x0000000242700000) (1024K)]
  0x0000013a20b2f1d0 JavaThread "SCR Component Actor"        daemon [_thread_blocked, id=35064, stack(0x0000000242700000,0x0000000242800000) (1024K)]
  0x0000013a20a7c8d0 JavaThread "Worker-JM"                         [_thread_blocked, id=36988, stack(0x0000000242800000,0x0000000242900000) (1024K)]
  0x0000013a20a7c240 JavaThread "JNA Cleaner"                daemon [_thread_blocked, id=31060, stack(0x0000000242900000,0x0000000242a00000) (1024K)]
  0x0000013a20a7d5f0 JavaThread "Worker-0: Repository registry initialization"        [_thread_blocked, id=10104, stack(0x0000000242a00000,0x0000000242b00000) (1024K)]
  0x0000013a20a7dc80 JavaThread "Worker-1: Updating Maven Dependencies"        [_thread_in_vm, id=3464, stack(0x0000000242b00000,0x0000000242c00000) (1024K)]
  0x0000013a20a7f030 JavaThread "Worker-2: Initialize After Load"        [_thread_in_native, id=38148, stack(0x0000000242c00000,0x0000000242d00000) (1024K)]
  0x0000013a20a7bbb0 JavaThread "Worker-3: Loading available Gradle versions"        [_thread_in_native, id=37796, stack(0x0000000242d00000,0x0000000242e00000) (1024K)]
  0x0000013a20a7e310 JavaThread "Java indexing"              daemon [_thread_blocked, id=37716, stack(0x0000000242e00000,0x0000000242f00000) (1024K)]
  0x0000013a20a7e9a0 JavaThread "Worker-4"                          [_thread_blocked, id=35712, stack(0x0000000243100000,0x0000000243200000) (1024K)]
  0x0000013a22f7f500 JavaThread "Worker-5"                          [_thread_blocked, id=4836, stack(0x0000000243200000,0x0000000243300000) (1024K)]
Total: 26

Other Threads:
  0x00000139d86c3b30 VMThread "VM Thread"                           [id=37080, stack(0x0000000240e00000,0x0000000240f00000) (1024K)]
  0x00000139d85bca00 WatcherThread "VM Periodic Task Thread"        [id=12000, stack(0x0000000240d00000,0x0000000240e00000) (1024K)]
  0x00000139c00739d0 WorkerThread "GC Thread#0"                     [id=27284, stack(0x0000000240c00000,0x0000000240d00000) (1024K)]
  0x0000013a202c4310 WorkerThread "GC Thread#1"                     [id=32912, stack(0x0000000241900000,0x0000000241a00000) (1024K)]
  0x0000013a202c46b0 WorkerThread "GC Thread#2"                     [id=21204, stack(0x0000000241a00000,0x0000000241b00000) (1024K)]
  0x0000013a202c4a50 WorkerThread "GC Thread#3"                     [id=30704, stack(0x0000000241b00000,0x0000000241c00000) (1024K)]
  0x0000013a202c4df0 WorkerThread "GC Thread#4"                     [id=34608, stack(0x0000000241c00000,0x0000000241d00000) (1024K)]
  0x0000013a2029c5d0 WorkerThread "GC Thread#5"                     [id=12976, stack(0x0000000241d00000,0x0000000241e00000) (1024K)]
  0x0000013a2029c970 WorkerThread "GC Thread#6"                     [id=27852, stack(0x0000000241e00000,0x0000000241f00000) (1024K)]
  0x0000013a204c51b0 WorkerThread "GC Thread#7"                     [id=24188, stack(0x0000000242000000,0x0000000242100000) (1024K)]
  0x0000013a20590c90 WorkerThread "GC Thread#8"                     [id=38292, stack(0x0000000242400000,0x0000000242500000) (1024K)]
  0x0000013a2058fa70 WorkerThread "GC Thread#9"                     [id=36572, stack(0x0000000242500000,0x0000000242600000) (1024K)]
Total: 12

Threads with active compile tasks:
C2 CompilerThread0  14725 3897       4       org.lombokweb.asm.ClassReader::readMethod (1070 bytes)
Total: 1

VM state: not at safepoint (normal execution)

VM Mutex/Monitor currently owned by a thread:  ([mutex/lock_event])
[0x00007ffc5d56d570] Threads_lock - owner thread: 0x00000139d86c3b30
[0x00007ffc5d56d670] Heap_lock - owner thread: 0x0000013a20a7bbb0

Heap address: 0x0000000080000000, size: 2048 MB, Compressed Oops mode: 32-bit

CDS archive(s) mapped at: [0x00000139d9000000-0x00000139d9ba0000-0x00000139d9ba0000), size 12189696, SharedBaseAddress: 0x00000139d9000000, ArchiveRelocationMode: 1.
Compressed class space mapped at: 0x00000139da000000-0x0000013a1a000000, reserved size: 1073741824
Narrow klass base: 0x00000139d9000000, Narrow klass shift: 0, Narrow klass range: 0x100000000

GC Precious Log:
 CardTable entry size: 512
 CPUs: 12 total, 12 available
 Memory: 7381M
 Large Page Support: Disabled
 NUMA Support: Disabled
 Compressed Oops: Enabled (32-bit)
 Alignments: Space 512K, Generation 512K, Heap 2M
 Heap Min Capacity: 100M
 Heap Initial Capacity: 100M
 Heap Max Capacity: 2G
 Pre-touch: Disabled
 Parallel Workers: 10

Heap:
 PSYoungGen      total 24576K, used 1278K [0x00000000d5580000, 0x00000000d7180000, 0x0000000100000000)
  eden space 22016K, 0% used [0x00000000d5580000,0x00000000d5580000,0x00000000d6b00000)
  from space 2560K, 49% used [0x00000000d6c80000,0x00000000d6dbfa90,0x00000000d6f00000)
  to   space 2048K, 0% used [0x00000000d6f80000,0x00000000d6f80000,0x00000000d7180000)
 ParOldGen       total 68608K, used 18221K [0x0000000080000000, 0x0000000084300000, 0x00000000d5580000)
  object space 68608K, 26% used [0x0000000080000000,0x00000000811cb6e8,0x0000000084300000)
 Metaspace       used 34746K, committed 35840K, reserved 1114112K
  class space    used 3601K, committed 4096K, reserved 1048576K

Card table byte_map: [0x00000139d3a20000,0x00000139d3e30000] _byte_map_base: 0x00000139d3620000

Marking Bits: (ParMarkBitMap*) 0x00007ffc5d572460
 Begin Bits: [0x00000139d40e0000, 0x00000139d60e0000)
 End Bits:   [0x00000139d60e0000, 0x00000139d80e0000)

Polling page: 0x00000139bfa50000

Metaspace:

Usage:
  Non-class:     30.42 MB used.
      Class:      3.52 MB used.
       Both:     33.93 MB used.

Virtual space:
  Non-class space:       64.00 MB reserved,      31.00 MB ( 48%) committed,  1 nodes.
      Class space:        1.00 GB reserved,       4.00 MB ( <1%) committed,  1 nodes.
             Both:        1.06 GB reserved,      35.00 MB (  3%) committed. 

Chunk freelists:
   Non-Class:  416.00 KB
       Class:  11.87 MB
        Both:  12.27 MB

MaxMetaspaceSize: unlimited
CompressedClassSpaceSize: 1.00 GB
Initial GC threshold: 21.00 MB
Current GC threshold: 35.00 MB
CDS: on
 - commit_granule_bytes: 65536.
 - commit_granule_words: 8192.
 - virtual_space_node_default_size: 8388608.
 - enlarge_chunks_in_place: 1.
 - use_allocation_guard: 0.


Internal statistics:

num_allocs_failed_limit: 8.
num_arena_births: 766.
num_arena_deaths: 14.
num_vsnodes_births: 2.
num_vsnodes_deaths: 0.
num_space_committed: 560.
num_space_uncommitted: 0.
num_chunks_returned_to_freelist: 22.
num_chunks_taken_from_freelist: 2255.
num_chunk_merges: 10.
num_chunk_splits: 1413.
num_chunks_enlarged: 825.
num_inconsistent_stats: 0.

CodeHeap 'non-profiled nmethods': size=120000Kb used=1771Kb max_used=1771Kb free=118228Kb
 bounds [0x00000139cc310000, 0x00000139cc580000, 0x00000139d3840000]
CodeHeap 'profiled nmethods': size=120000Kb used=9660Kb max_used=9660Kb free=110339Kb
 bounds [0x00000139c4840000, 0x00000139c51b0000, 0x00000139cbd70000]
CodeHeap 'non-nmethods': size=5760Kb used=1352Kb max_used=1352Kb free=4407Kb
 bounds [0x00000139cbd70000, 0x00000139cbfe0000, 0x00000139cc310000]
CodeCache: size=245760Kb, used=12783Kb, max_used=12783Kb, free=232974Kb
 total_blobs=5229, nmethods=4580, adapters=555, full_count=0
Compilation: enabled, stopped_count=0, restarted_count=0

Compilation events (20 events):
Event: 13.577 Thread 0x0000013a1b79e480 4523       2       aQute.bnd.header.OSGiHeader$$Lambda/0x00000139da128800::apply (16 bytes)
Event: 13.577 Thread 0x0000013a1b79e480 nmethod 4523 0x00000139c5177990 code [0x00000139c5177b40, 0x00000139c5177cd8]
Event: 13.577 Thread 0x0000013a1b79e480 4524       2       org.eclipse.core.runtime.ServiceCaller$ReferenceAndService::bundleChanged (32 bytes)
Event: 13.577 Thread 0x0000013a1b79e480 nmethod 4524 0x00000139c5177d90 code [0x00000139c5177f80, 0x00000139c5178388]
Event: 13.578 Thread 0x0000013a1b79e480 4525       2       java.util.logging.Logger::isLoggable (27 bytes)
Event: 13.578 Thread 0x0000013a1b79e480 nmethod 4525 0x00000139c5178710 code [0x00000139c51788c0, 0x00000139c5178a20]
Event: 13.578 Thread 0x0000013a1b79e480 4526       2       java.util.EnumSet::noneOf (63 bytes)
Event: 13.578 Thread 0x0000013a1b79e480 nmethod 4526 0x00000139c5178b10 code [0x00000139c5178d40, 0x00000139c51792b0]
Event: 13.578 Thread 0x0000013a1b79e480 4528 %     3       org.objectweb.asm.ClassReader::readUtf @ 18 (161 bytes)
Event: 13.579 Thread 0x0000013a1b79e480 nmethod 4528% 0x00000139c5179610 code [0x00000139c5179800, 0x00000139c5179cf8]
Event: 13.579 Thread 0x0000013a1b79e480 4529       2       java.util.zip.ZipFile$Source::initCEN (612 bytes)
Event: 13.580 Thread 0x0000013a1b79e480 nmethod 4529 0x00000139c5179f90 code [0x00000139c517a340, 0x00000139c517bb98]
Event: 13.580 Thread 0x0000013a1b79e480 4534       2       java.util.regex.Pattern$BmpCharPropertyGreedy::match (89 bytes)
Event: 13.581 Thread 0x0000013a1b79e480 nmethod 4534 0x00000139c517cb10 code [0x00000139c517cce0, 0x00000139c517d050]
Event: 13.581 Thread 0x0000013a1b79e480 4535       3       java.util.concurrent.locks.ReentrantReadWriteLock$Sync::tryReleaseShared (146 bytes)
Event: 13.581 Thread 0x0000013a1b79e480 nmethod 4535 0x00000139c517d210 code [0x00000139c517d460, 0x00000139c517df28]
Event: 13.581 Thread 0x0000013a1b79e480 4532       3       java.util.concurrent.locks.ReentrantReadWriteLock$Sync::tryAcquireShared (177 bytes)
Event: 13.582 Thread 0x0000013a1b79e480 nmethod 4532 0x00000139c517e310 code [0x00000139c517e5a0, 0x00000139c517f2c0]
Event: 13.582 Thread 0x0000013a1b79e480 4533   !   2       org.eclipse.osgi.internal.framework.EquinoxBundle::adapt0 (939 bytes)
Event: 14.593 Thread 0x0000013a1b79e480 nmethod 4533 0x00000139c517f710 code [0x00000139c517ff80, 0x00000139c5182ab8]

GC Heap History (20 events):
Event: 4.435 GC heap before
{Heap before GC invocations=3 (full 0):
 PSYoungGen      total 29696K, used 29685K [0x00000000d5580000, 0x00000000d7680000, 0x0000000100000000)
  eden space 25600K, 99% used [0x00000000d5580000,0x00000000d6e7ff48,0x00000000d6e80000)
  from space 4096K, 99% used [0x00000000d7280000,0x00000000d767d810,0x00000000d7680000)
  to   space 4096K, 0% used [0x00000000d6e80000,0x00000000d6e80000,0x00000000d7280000)
 ParOldGen       total 68608K, used 2009K [0x0000000080000000, 0x0000000084300000, 0x00000000d5580000)
  object space 68608K, 2% used [0x0000000080000000,0x00000000801f65e0,0x0000000084300000)
 Metaspace       used 9454K, committed 9728K, reserved 1114112K
  class space    used 1008K, committed 1152K, reserved 1048576K
}
Event: 4.441 GC heap after
{Heap after GC invocations=3 (full 0):
 PSYoungGen      total 29696K, used 4072K [0x00000000d5580000, 0x00000000d7680000, 0x0000000100000000)
  eden space 25600K, 0% used [0x00000000d5580000,0x00000000d5580000,0x00000000d6e80000)
  from space 4096K, 99% used [0x00000000d6e80000,0x00000000d727a318,0x00000000d7280000)
  to   space 4096K, 0% used [0x00000000d7280000,0x00000000d7280000,0x00000000d7680000)
 ParOldGen       total 68608K, used 4977K [0x0000000080000000, 0x0000000084300000, 0x00000000d5580000)
  object space 68608K, 7% used [0x0000000080000000,0x00000000804dc428,0x0000000084300000)
 Metaspace       used 9454K, committed 9728K, reserved 1114112K
  class space    used 1008K, committed 1152K, reserved 1048576K
}
Event: 5.249 GC heap before
{Heap before GC invocations=4 (full 0):
 PSYoungGen      total 29696K, used 29672K [0x00000000d5580000, 0x00000000d7680000, 0x0000000100000000)
  eden space 25600K, 100% used [0x00000000d5580000,0x00000000d6e80000,0x00000000d6e80000)
  from space 4096K, 99% used [0x00000000d6e80000,0x00000000d727a318,0x00000000d7280000)
  to   space 4096K, 0% used [0x00000000d7280000,0x00000000d7280000,0x00000000d7680000)
 ParOldGen       total 68608K, used 4977K [0x0000000080000000, 0x0000000084300000, 0x00000000d5580000)
  object space 68608K, 7% used [0x0000000080000000,0x00000000804dc428,0x0000000084300000)
 Metaspace       used 11711K, committed 12096K, reserved 1114112K
  class space    used 1238K, committed 1408K, reserved 1048576K
}
Event: 5.254 GC heap after
{Heap after GC invocations=4 (full 0):
 PSYoungGen      total 29696K, used 4090K [0x00000000d5580000, 0x00000000d7680000, 0x0000000100000000)
  eden space 25600K, 0% used [0x00000000d5580000,0x00000000d5580000,0x00000000d6e80000)
  from space 4096K, 99% used [0x00000000d7280000,0x00000000d767e878,0x00000000d7680000)
  to   space 4096K, 0% used [0x00000000d6e80000,0x00000000d6e80000,0x00000000d7280000)
 ParOldGen       total 68608K, used 6694K [0x0000000080000000, 0x0000000084300000, 0x00000000d5580000)
  object space 68608K, 9% used [0x0000000080000000,0x0000000080689be8,0x0000000084300000)
 Metaspace       used 11711K, committed 12096K, reserved 1114112K
  class space    used 1238K, committed 1408K, reserved 1048576K
}
Event: 5.947 GC heap before
{Heap before GC invocations=5 (full 0):
 PSYoungGen      total 29696K, used 29690K [0x00000000d5580000, 0x00000000d7680000, 0x0000000100000000)
  eden space 25600K, 100% used [0x00000000d5580000,0x00000000d6e80000,0x00000000d6e80000)
  from space 4096K, 99% used [0x00000000d7280000,0x00000000d767e878,0x00000000d7680000)
  to   space 4096K, 0% used [0x00000000d6e80000,0x00000000d6e80000,0x00000000d7280000)
 ParOldGen       total 68608K, used 6694K [0x0000000080000000, 0x0000000084300000, 0x00000000d5580000)
  object space 68608K, 9% used [0x0000000080000000,0x0000000080689be8,0x0000000084300000)
 Metaspace       used 15718K, committed 16320K, reserved 1114112K
  class space    used 1628K, committed 1920K, reserved 1048576K
}
Event: 5.951 GC heap after
{Heap after GC invocations=5 (full 0):
 PSYoungGen      total 29184K, used 4078K [0x00000000d5580000, 0x00000000d7900000, 0x0000000100000000)
  eden space 25088K, 0% used [0x00000000d5580000,0x00000000d5580000,0x00000000d6e00000)
  from space 4096K, 99% used [0x00000000d6e80000,0x00000000d727bb10,0x00000000d7280000)
  to   space 5632K, 0% used [0x00000000d7380000,0x00000000d7380000,0x00000000d7900000)
 ParOldGen       total 68608K, used 7831K [0x0000000080000000, 0x0000000084300000, 0x00000000d5580000)
  object space 68608K, 11% used [0x0000000080000000,0x00000000807a5c08,0x0000000084300000)
 Metaspace       used 15718K, committed 16320K, reserved 1114112K
  class space    used 1628K, committed 1920K, reserved 1048576K
}
Event: 8.637 GC heap before
{Heap before GC invocations=6 (full 0):
 PSYoungGen      total 29184K, used 29166K [0x00000000d5580000, 0x00000000d7900000, 0x0000000100000000)
  eden space 25088K, 100% used [0x00000000d5580000,0x00000000d6e00000,0x00000000d6e00000)
  from space 4096K, 99% used [0x00000000d6e80000,0x00000000d727bb10,0x00000000d7280000)
  to   space 5632K, 0% used [0x00000000d7380000,0x00000000d7380000,0x00000000d7900000)
 ParOldGen       total 68608K, used 7831K [0x0000000080000000, 0x0000000084300000, 0x00000000d5580000)
  object space 68608K, 11% used [0x0000000080000000,0x00000000807a5c08,0x0000000084300000)
 Metaspace       used 18807K, committed 19520K, reserved 1114112K
  class space    used 1976K, committed 2240K, reserved 1048576K
}
Event: 8.642 GC heap after
{Heap after GC invocations=6 (full 0):
 PSYoungGen      total 29696K, used 4841K [0x00000000d5580000, 0x00000000d7880000, 0x0000000100000000)
  eden space 24576K, 0% used [0x00000000d5580000,0x00000000d5580000,0x00000000d6d80000)
  from space 5120K, 94% used [0x00000000d7380000,0x00000000d783a760,0x00000000d7880000)
  to   space 5120K, 0% used [0x00000000d6e80000,0x00000000d6e80000,0x00000000d7380000)
 ParOldGen       total 68608K, used 7839K [0x0000000080000000, 0x0000000084300000, 0x00000000d5580000)
  object space 68608K, 11% used [0x0000000080000000,0x00000000807a7c08,0x0000000084300000)
 Metaspace       used 18807K, committed 19520K, reserved 1114112K
  class space    used 1976K, committed 2240K, reserved 1048576K
}
Event: 8.956 GC heap before
{Heap before GC invocations=7 (full 0):
 PSYoungGen      total 29696K, used 24430K [0x00000000d5580000, 0x00000000d7880000, 0x0000000100000000)
  eden space 24576K, 79% used [0x00000000d5580000,0x00000000d68a1488,0x00000000d6d80000)
  from space 5120K, 94% used [0x00000000d7380000,0x00000000d783a760,0x00000000d7880000)
  to   space 5120K, 0% used [0x00000000d6e80000,0x00000000d6e80000,0x00000000d7380000)
 ParOldGen       total 68608K, used 7839K [0x0000000080000000, 0x0000000084300000, 0x00000000d5580000)
  object space 68608K, 11% used [0x0000000080000000,0x00000000807a7c08,0x0000000084300000)
 Metaspace       used 20748K, committed 21504K, reserved 1114112K
  class space    used 2198K, committed 2560K, reserved 1048576K
}
Event: 8.960 GC heap after
{Heap after GC invocations=7 (full 0):
 PSYoungGen      total 29184K, used 4448K [0x00000000d5580000, 0x00000000d7780000, 0x0000000100000000)
  eden space 24576K, 0% used [0x00000000d5580000,0x00000000d5580000,0x00000000d6d80000)
  from space 4608K, 96% used [0x00000000d6e80000,0x00000000d72d80a0,0x00000000d7300000)
  to   space 4608K, 0% used [0x00000000d7300000,0x00000000d7300000,0x00000000d7780000)
 ParOldGen       total 68608K, used 9422K [0x0000000080000000, 0x0000000084300000, 0x00000000d5580000)
  object space 68608K, 13% used [0x0000000080000000,0x0000000080933ba0,0x0000000084300000)
 Metaspace       used 20748K, committed 21504K, reserved 1114112K
  class space    used 2198K, committed 2560K, reserved 1048576K
}
Event: 8.960 GC heap before
{Heap before GC invocations=8 (full 1):
 PSYoungGen      total 29184K, used 4448K [0x00000000d5580000, 0x00000000d7780000, 0x0000000100000000)
  eden space 24576K, 0% used [0x00000000d5580000,0x00000000d5580000,0x00000000d6d80000)
  from space 4608K, 96% used [0x00000000d6e80000,0x00000000d72d80a0,0x00000000d7300000)
  to   space 4608K, 0% used [0x00000000d7300000,0x00000000d7300000,0x00000000d7780000)
 ParOldGen       total 68608K, used 9422K [0x0000000080000000, 0x0000000084300000, 0x00000000d5580000)
  object space 68608K, 13% used [0x0000000080000000,0x0000000080933ba0,0x0000000084300000)
 Metaspace       used 20748K, committed 21504K, reserved 1114112K
  class space    used 2198K, committed 2560K, reserved 1048576K
}
Event: 9.058 GC heap after
{Heap after GC invocations=8 (full 1):
 PSYoungGen      total 29184K, used 0K [0x00000000d5580000, 0x00000000d7780000, 0x0000000100000000)
  eden space 24576K, 0% used [0x00000000d5580000,0x00000000d5580000,0x00000000d6d80000)
  from space 4608K, 0% used [0x00000000d6e80000,0x00000000d6e80000,0x00000000d7300000)
  to   space 4608K, 0% used [0x00000000d7300000,0x00000000d7300000,0x00000000d7780000)
 ParOldGen       total 68608K, used 13196K [0x0000000080000000, 0x0000000084300000, 0x00000000d5580000)
  object space 68608K, 19% used [0x0000000080000000,0x0000000080ce3000,0x0000000084300000)
 Metaspace       used 20736K, committed 21504K, reserved 1114112K
  class space    used 2194K, committed 2560K, reserved 1048576K
}
Event: 9.340 GC heap before
{Heap before GC invocations=9 (full 1):
 PSYoungGen      total 29184K, used 24576K [0x00000000d5580000, 0x00000000d7780000, 0x0000000100000000)
  eden space 24576K, 100% used [0x00000000d5580000,0x00000000d6d80000,0x00000000d6d80000)
  from space 4608K, 0% used [0x00000000d6e80000,0x00000000d6e80000,0x00000000d7300000)
  to   space 4608K, 0% used [0x00000000d7300000,0x00000000d7300000,0x00000000d7780000)
 ParOldGen       total 68608K, used 13196K [0x0000000080000000, 0x0000000084300000, 0x00000000d5580000)
  object space 68608K, 19% used [0x0000000080000000,0x0000000080ce3000,0x0000000084300000)
 Metaspace       used 23289K, committed 24128K, reserved 1114112K
  class space    used 2356K, committed 2688K, reserved 1048576K
}
Event: 9.341 GC heap after
{Heap after GC invocations=9 (full 1):
 PSYoungGen      total 25088K, used 811K [0x00000000d5580000, 0x00000000d7400000, 0x0000000100000000)
  eden space 24064K, 0% used [0x00000000d5580000,0x00000000d5580000,0x00000000d6d00000)
  from space 1024K, 79% used [0x00000000d7300000,0x00000000d73cadc8,0x00000000d7400000)
  to   space 2560K, 0% used [0x00000000d6f00000,0x00000000d6f00000,0x00000000d7180000)
 ParOldGen       total 68608K, used 13196K [0x0000000080000000, 0x0000000084300000, 0x00000000d5580000)
  object space 68608K, 19% used [0x0000000080000000,0x0000000080ce3000,0x0000000084300000)
 Metaspace       used 23289K, committed 24128K, reserved 1114112K
  class space    used 2356K, committed 2688K, reserved 1048576K
}
Event: 9.940 GC heap before
{Heap before GC invocations=10 (full 1):
 PSYoungGen      total 25088K, used 24875K [0x00000000d5580000, 0x00000000d7400000, 0x0000000100000000)
  eden space 24064K, 100% used [0x00000000d5580000,0x00000000d6d00000,0x00000000d6d00000)
  from space 1024K, 79% used [0x00000000d7300000,0x00000000d73cadc8,0x00000000d7400000)
  to   space 2560K, 0% used [0x00000000d6f00000,0x00000000d6f00000,0x00000000d7180000)
 ParOldGen       total 68608K, used 13196K [0x0000000080000000, 0x0000000084300000, 0x00000000d5580000)
  object space 68608K, 19% used [0x0000000080000000,0x0000000080ce3000,0x0000000084300000)
 Metaspace       used 26534K, committed 27392K, reserved 1114112K
  class space    used 2606K, committed 2944K, reserved 1048576K
}
Event: 9.942 GC heap after
{Heap after GC invocations=10 (full 1):
 PSYoungGen      total 25600K, used 1885K [0x00000000d5580000, 0x00000000d7380000, 0x0000000100000000)
  eden space 23552K, 0% used [0x00000000d5580000,0x00000000d5580000,0x00000000d6c80000)
  from space 2048K, 92% used [0x00000000d6f00000,0x00000000d70d7420,0x00000000d7100000)
  to   space 2560K, 0% used [0x00000000d7100000,0x00000000d7100000,0x00000000d7380000)
 ParOldGen       total 68608K, used 13985K [0x0000000080000000, 0x0000000084300000, 0x00000000d5580000)
  object space 68608K, 20% used [0x0000000080000000,0x0000000080da8510,0x0000000084300000)
 Metaspace       used 26534K, committed 27392K, reserved 1114112K
  class space    used 2606K, committed 2944K, reserved 1048576K
}
Event: 10.136 GC heap before
{Heap before GC invocations=11 (full 1):
 PSYoungGen      total 25600K, used 25437K [0x00000000d5580000, 0x00000000d7380000, 0x0000000100000000)
  eden space 23552K, 100% used [0x00000000d5580000,0x00000000d6c80000,0x00000000d6c80000)
  from space 2048K, 92% used [0x00000000d6f00000,0x00000000d70d7420,0x00000000d7100000)
  to   space 2560K, 0% used [0x00000000d7100000,0x00000000d7100000,0x00000000d7380000)
 ParOldGen       total 68608K, used 13985K [0x0000000080000000, 0x0000000084300000, 0x00000000d5580000)
  object space 68608K, 20% used [0x0000000080000000,0x0000000080da8510,0x0000000084300000)
 Metaspace       used 27976K, committed 28864K, reserved 1114112K
  class space    used 2789K, committed 3136K, reserved 1048576K
}
Event: 10.137 GC heap after
{Heap after GC invocations=11 (full 1):
 PSYoungGen      total 25088K, used 1827K [0x00000000d5580000, 0x00000000d7300000, 0x0000000100000000)
  eden space 23040K, 0% used [0x00000000d5580000,0x00000000d5580000,0x00000000d6c00000)
  from space 2048K, 89% used [0x00000000d7100000,0x00000000d72c8e90,0x00000000d7300000)
  to   space 2048K, 0% used [0x00000000d6f00000,0x00000000d6f00000,0x00000000d7100000)
 ParOldGen       total 68608K, used 14593K [0x0000000080000000, 0x0000000084300000, 0x00000000d5580000)
  object space 68608K, 21% used [0x0000000080000000,0x0000000080e405e0,0x0000000084300000)
 Metaspace       used 27976K, committed 28864K, reserved 1114112K
  class space    used 2789K, committed 3136K, reserved 1048576K
}
Event: 13.414 GC heap before
{Heap before GC invocations=12 (full 1):
 PSYoungGen      total 25088K, used 24867K [0x00000000d5580000, 0x00000000d7300000, 0x0000000100000000)
  eden space 23040K, 100% used [0x00000000d5580000,0x00000000d6c00000,0x00000000d6c00000)
  from space 2048K, 89% used [0x00000000d7100000,0x00000000d72c8e90,0x00000000d7300000)
  to   space 2048K, 0% used [0x00000000d6f00000,0x00000000d6f00000,0x00000000d7100000)
 ParOldGen       total 68608K, used 14593K [0x0000000080000000, 0x0000000084300000, 0x00000000d5580000)
  object space 68608K, 21% used [0x0000000080000000,0x0000000080e405e0,0x0000000084300000)
 Metaspace       used 31564K, committed 32512K, reserved 1114112K
  class space    used 3205K, committed 3584K, reserved 1048576K
}
Event: 13.416 GC heap after
{Heap after GC invocations=12 (full 1):
 PSYoungGen      total 24576K, used 1601K [0x00000000d5580000, 0x00000000d7180000, 0x0000000100000000)
  eden space 22528K, 0% used [0x00000000d5580000,0x00000000d5580000,0x00000000d6b80000)
  from space 2048K, 78% used [0x00000000d6f00000,0x00000000d7090620,0x00000000d7100000)
  to   space 512K, 0% used [0x00000000d7100000,0x00000000d7100000,0x00000000d7180000)
 ParOldGen       total 68608K, used 16029K [0x0000000080000000, 0x0000000084300000, 0x00000000d5580000)
  object space 68608K, 23% used [0x0000000080000000,0x0000000080fa74e8,0x0000000084300000)
 Metaspace       used 31564K, committed 32512K, reserved 1114112K
  class space    used 3205K, committed 3584K, reserved 1048576K
}

Dll operation events (10 events):
Event: 0.038 Loaded shared library c:\Users\prcri\.vscode\extensions\redhat.java-1.51.0-win32-x64\jre\21.0.9-win32-x86_64\bin\java.dll
Event: 0.374 Loaded shared library c:\Users\prcri\.vscode\extensions\redhat.java-1.51.0-win32-x64\jre\21.0.9-win32-x86_64\bin\zip.dll
Event: 0.468 Loaded shared library C:\Users\prcri\.vscode\extensions\redhat.java-1.51.0-win32-x64\jre\21.0.9-win32-x86_64\bin\instrument.dll
Event: 0.508 Loaded shared library C:\Users\prcri\.vscode\extensions\redhat.java-1.51.0-win32-x64\jre\21.0.9-win32-x86_64\bin\net.dll
Event: 0.513 Loaded shared library C:\Users\prcri\.vscode\extensions\redhat.java-1.51.0-win32-x64\jre\21.0.9-win32-x86_64\bin\nio.dll
Event: 0.519 Loaded shared library C:\Users\prcri\.vscode\extensions\redhat.java-1.51.0-win32-x64\jre\21.0.9-win32-x86_64\bin\zip.dll
Event: 0.554 Loaded shared library C:\Users\prcri\.vscode\extensions\redhat.java-1.51.0-win32-x64\jre\21.0.9-win32-x86_64\bin\jimage.dll
Event: 0.692 Loaded shared library c:\Users\prcri\.vscode\extensions\redhat.java-1.51.0-win32-x64\jre\21.0.9-win32-x86_64\bin\verify.dll
Event: 3.962 Loaded shared library C:\Users\prcri\AppData\Roaming\Code\User\globalStorage\redhat.java\1.51.0\config_win\org.eclipse.equinox.launcher\org.eclipse.equinox.launcher.win32.win32.x86_64_1.2.1400.v20250801-0854\eclipse_11916.dll
Event: 8.095 Loaded shared library C:\Users\prcri\AppData\Local\Temp\jna-106929304\jna15381168658908417585.dll

Deoptimization events (20 events):
Event: 13.535 Thread 0x0000013a20576a20 Uncommon trap: trap_request=0xffffff45 fr.pc=0x00000139cc421d68 relative=0x0000000000000388
Event: 13.535 Thread 0x0000013a20576a20 Uncommon trap: reason=unstable_if action=reinterpret pc=0x00000139cc421d68 method=java.lang.Integer.parseInt(Ljava/lang/String;I)I @ 119 c2
Event: 13.535 Thread 0x0000013a20576a20 DEOPT PACKING pc=0x00000139cc421d68 sp=0x00000002423fcbe0
Event: 13.535 Thread 0x0000013a20576a20 DEOPT UNPACKING pc=0x00000139cbdc3aa2 sp=0x00000002423fcb48 mode 2
Event: 13.547 Thread 0x0000013a20576a20 Uncommon trap: trap_request=0xffffff45 fr.pc=0x00000139cc442628 relative=0x0000000000000ba8
Event: 13.547 Thread 0x0000013a20576a20 Uncommon trap: reason=unstable_if action=reinterpret pc=0x00000139cc442628 method=java.util.concurrent.ConcurrentHashMap.transfer([Ljava/util/concurrent/ConcurrentHashMap$Node;[Ljava/util/concurrent/ConcurrentHashMap$Node;)V @ 26 c2
Event: 13.548 Thread 0x0000013a20576a20 DEOPT PACKING pc=0x00000139cc442628 sp=0x00000002423fbac0
Event: 13.548 Thread 0x0000013a20576a20 DEOPT UNPACKING pc=0x00000139cbdc3aa2 sp=0x00000002423fba20 mode 2
Event: 13.575 Thread 0x0000013a20576a20 Uncommon trap: trap_request=0xffffff45 fr.pc=0x00000139cc4a4010 relative=0x0000000000000170
Event: 13.575 Thread 0x0000013a20576a20 Uncommon trap: reason=unstable_if action=reinterpret pc=0x00000139cc4a4010 method=java.util.concurrent.locks.ReentrantReadWriteLock$Sync.tryAcquireShared(I)I @ 81 c2
Event: 13.576 Thread 0x0000013a20576a20 DEOPT PACKING pc=0x00000139cc4a4010 sp=0x00000002423fe050
Event: 13.576 Thread 0x0000013a20576a20 DEOPT UNPACKING pc=0x00000139cbdc3aa2 sp=0x00000002423fdfc8 mode 2
Event: 13.576 Thread 0x0000013a20576a20 Uncommon trap: trap_request=0xffffff45 fr.pc=0x00000139cc4a4464 relative=0x00000000000000c4
Event: 13.576 Thread 0x0000013a20a7f030 Uncommon trap: trap_request=0xffffff45 fr.pc=0x00000139cc4a4464 relative=0x00000000000000c4
Event: 13.576 Thread 0x0000013a20576a20 Uncommon trap: reason=unstable_if action=reinterpret pc=0x00000139cc4a4464 method=java.util.concurrent.locks.ReentrantReadWriteLock$Sync.tryReleaseShared(I)Z @ 9 c2
Event: 13.576 Thread 0x0000013a20a7f030 Uncommon trap: reason=unstable_if action=reinterpret pc=0x00000139cc4a4464 method=java.util.concurrent.locks.ReentrantReadWriteLock$Sync.tryReleaseShared(I)Z @ 9 c2
Event: 13.576 Thread 0x0000013a20576a20 DEOPT PACKING pc=0x00000139cc4a4464 sp=0x00000002423fe0c0
Event: 13.576 Thread 0x0000013a20a7f030 DEOPT PACKING pc=0x00000139cc4a4464 sp=0x0000000242cfe540
Event: 13.576 Thread 0x0000013a20576a20 DEOPT UNPACKING pc=0x00000139cbdc3aa2 sp=0x00000002423fe040 mode 2
Event: 13.576 Thread 0x0000013a20a7f030 DEOPT UNPACKING pc=0x00000139cbdc3aa2 sp=0x0000000242cfe4c0 mode 2

Classes loaded (20 events):
Event: 13.516 Loading class sun/reflect/generics/reflectiveObjects/ParameterizedTypeImpl
Event: 13.516 Loading class sun/reflect/generics/reflectiveObjects/ParameterizedTypeImpl done
Event: 13.542 Loading class javax/crypto/IllegalBlockSizeException
Event: 13.542 Loading class javax/crypto/IllegalBlockSizeException done
Event: 13.542 Loading class javax/crypto/BadPaddingException
Event: 13.543 Loading class javax/crypto/BadPaddingException done
Event: 13.545 Loading class java/security/InvalidAlgorithmParameterException
Event: 13.546 Loading class java/security/InvalidAlgorithmParameterException done
Event: 13.546 Loading class java/security/spec/InvalidKeySpecException
Event: 13.546 Loading class java/security/spec/InvalidKeySpecException done
Event: 13.546 Loading class javax/crypto/NoSuchPaddingException
Event: 13.546 Loading class javax/crypto/NoSuchPaddingException done
Event: 13.546 Loading class java/security/spec/InvalidParameterSpecException
Event: 13.546 Loading class java/security/spec/InvalidParameterSpecException done
Event: 13.547 Loading class javax/crypto/spec/PBEKeySpec
Event: 13.547 Loading class javax/crypto/spec/PBEKeySpec done
Event: 13.552 Loading class jdk/internal/reflect/MethodHandleBooleanFieldAccessorImpl
Event: 13.552 Loading class jdk/internal/reflect/MethodHandleBooleanFieldAccessorImpl done
Event: 13.576 Loading class java/util/concurrent/locks/ReentrantReadWriteLock$Sync$HoldCounter
Event: 13.576 Loading class java/util/concurrent/locks/ReentrantReadWriteLock$Sync$HoldCounter done

Classes unloaded (7 events):
Event: 8.972 Thread 0x00000139d86c3b30 Unloading class 0x00000139da1a2800 'java/lang/invoke/LambdaForm$MH+0x00000139da1a2800'
Event: 8.980 Thread 0x00000139d86c3b30 Unloading class 0x00000139da1a2400 'java/lang/invoke/LambdaForm$MH+0x00000139da1a2400'
Event: 8.980 Thread 0x00000139d86c3b30 Unloading class 0x00000139da1a2000 'java/lang/invoke/LambdaForm$MH+0x00000139da1a2000'
Event: 8.980 Thread 0x00000139d86c3b30 Unloading class 0x00000139da1a1c00 'java/lang/invoke/LambdaForm$MH+0x00000139da1a1c00'
Event: 8.980 Thread 0x00000139d86c3b30 Unloading class 0x00000139da1a1800 'java/lang/invoke/LambdaForm$BMH+0x00000139da1a1800'
Event: 8.980 Thread 0x00000139d86c3b30 Unloading class 0x00000139da1a1400 'java/lang/invoke/LambdaForm$DMH+0x00000139da1a1400'
Event: 8.980 Thread 0x00000139d86c3b30 Unloading class 0x00000139da1a0000 'java/lang/invoke/LambdaForm$DMH+0x00000139da1a0000'

Classes redefined (0 events):
No events

Internal exceptions (20 events):
Event: 9.960 Thread 0x0000013a20a7d5f0 Exception <a 'java/lang/NoSuchMethodError'{0x00000000d5f90fe8}: 'int java.lang.invoke.DirectMethodHandle$Holder.invokeStaticInit(java.lang.Object, float, float)'> (0x00000000d5f90fe8) 
thrown [s\src\hotspot\share\interpreter\linkResolver.cpp, line 773]
Event: 9.961 Thread 0x0000013a20a7d5f0 Exception <a 'java/lang/NoSuchMethodError'{0x00000000d5f97c68}: 'int java.lang.invoke.DirectMethodHandle$Holder.invokeStaticInit(java.lang.Object, double, double)'> (0x00000000d5f97c68) 
thrown [s\src\hotspot\share\interpreter\linkResolver.cpp, line 773]
Event: 9.961 Thread 0x0000013a20a7d5f0 Exception <a 'java/lang/NoSuchMethodError'{0x00000000d5f9c170}: 'int java.lang.invoke.DirectMethodHandle$Holder.invokeStatic(java.lang.Object, long)'> (0x00000000d5f9c170) 
thrown [s\src\hotspot\share\interpreter\linkResolver.cpp, line 773]
Event: 9.964 Thread 0x0000013a20a7dc80 Exception <a 'java/lang/NoSuchMethodError'{0x00000000d5fcb5a0}: 'int java.lang.invoke.Invokers$Holder.linkToTargetMethod(java.lang.Object, java.lang.Object)'> (0x00000000d5fcb5a0) 
thrown [s\src\hotspot\share\interpreter\linkResolver.cpp, line 773]
Event: 9.964 Thread 0x0000013a20a7d5f0 Exception <a 'java/lang/NoSuchMethodError'{0x00000000d5fcf208}: 'int java.lang.invoke.Invokers$Holder.linkToTargetMethod(java.lang.Object, java.lang.Object)'> (0x00000000d5fcf208) 
thrown [s\src\hotspot\share\interpreter\linkResolver.cpp, line 773]
Event: 9.966 Thread 0x0000013a20a7d5f0 Exception <a 'java/lang/NoSuchMethodError'{0x00000000d5feb750}: 'int java.lang.invoke.DirectMethodHandle$Holder.invokeSpecial(java.lang.Object, java.lang.Object, java.lang.Object, java.lang.Object)'> (0x00000000d5feb750) 
thrown [s\src\hotspot\share\interpreter\linkResolver.cpp, line 773]
Event: 9.968 Thread 0x0000013a20a7d5f0 Exception <a 'java/lang/NoSuchMethodError'{0x00000000d603c180}: 'java.lang.Object java.lang.invoke.DirectMethodHandle$Holder.invokeStatic(java.lang.Object, int, java.lang.Object, java.lang.Object)'> (0x00000000d603c180) 
thrown [s\src\hotspot\share\interpreter\linkResolver.cpp, line 773]
Event: 9.968 Thread 0x0000013a20a7d5f0 Exception <a 'java/lang/NoSuchMethodError'{0x00000000d60486b8}: 'java.lang.Object java.lang.invoke.DelegatingMethodHandle$Holder.delegate(java.lang.Object, int, java.lang.Object, java.lang.Object)'> (0x00000000d60486b8) 
thrown [s\src\hotspot\share\interpreter\linkResolver.cpp, line 773]
Event: 9.972 Thread 0x0000013a20a7d5f0 Exception <a 'java/lang/NoSuchMethodError'{0x00000000d60df368}: 'int java.lang.invoke.Invokers$Holder.linkToTargetMethod(java.lang.Object, java.lang.Object, java.lang.Object)'> (0x00000000d60df368) 
thrown [s\src\hotspot\share\interpreter\linkResolver.cpp, line 773]
Event: 10.016 Thread 0x0000013a20a7dc80 Exception <a 'java/lang/NoSuchMethodError'{0x00000000d634d910}: 'java.lang.Object java.lang.invoke.DirectMethodHandle$Holder.invokeSpecialIFC(java.lang.Object, java.lang.Object, java.lang.Object, java.lang.Object)'> (0x00000000d634d910) 
thrown [s\src\hotspot\share\interpreter\linkResolver.cpp, line 773]
Event: 10.217 Thread 0x0000013a20576a20 Exception <a 'java/lang/ClassNotFoundException'{0x00000000d5b44ea0}: com/sun/org/apache/xerces/internal/impl/msg/spi/DOMMessagesProvider> (0x00000000d5b44ea0) 
thrown [s\src\hotspot\share\classfile\systemDictionary.cpp, line 312]
Event: 10.220 Thread 0x0000013a20576a20 Exception <a 'java/lang/ClassNotFoundException'{0x00000000d5b56658}: com/sun/org/apache/xerces/internal/impl/msg/spi/XMLSerializerMessagesProvider> (0x00000000d5b56658) 
thrown [s\src\hotspot\share\classfile\systemDictionary.cpp, line 312]
Event: 10.221 Thread 0x0000013a20576a20 Exception <a 'java/lang/ClassNotFoundException'{0x00000000d5b63928}: com/sun/org/apache/xerces/internal/impl/msg/spi/XMLMessagesProvider> (0x00000000d5b63928) 
thrown [s\src\hotspot\share\classfile\systemDictionary.cpp, line 312]
Event: 13.407 Thread 0x0000013a20576a20 Exception <a 'java/lang/ClassNotFoundException'{0x00000000d6a77c70}: com/sun/org/apache/xml/internal/serializer/spi/XMLEntitiesProvider> (0x00000000d6a77c70) 
thrown [s\src\hotspot\share\classfile\systemDictionary.cpp, line 312]
Event: 13.424 Thread 0x0000013a20a7dc80 Exception <a 'java/lang/NoClassDefFoundError'{0x00000000d5644a30}: javax/enterprise/inject/Typed> (0x00000000d5644a30) 
thrown [s\src\hotspot\share\classfile\systemDictionary.cpp, line 301]
Event: 13.495 Thread 0x0000013a20576a20 Exception <a 'java/io/FileNotFoundException'{0x00000000d5f3e1a0}> (0x00000000d5f3e1a0) 
thrown [s\src\hotspot\share\prims\jni.cpp, line 520]
Event: 13.517 Thread 0x0000013a20576a20 Exception <a 'java/lang/UnsatisfiedLinkError'{0x00000000d63af458}: The specified procedure could not be found.
> (0x00000000d63af458) 
thrown [s\src\hotspot\share\prims\jni.cpp, line 539]
Event: 13.535 Thread 0x0000013a20576a20 Exception <a 'java/io/FileNotFoundException'{0x00000000d63c72e8}> (0x00000000d63c72e8) 
thrown [s\src\hotspot\share\prims\jni.cpp, line 520]
Event: 13.547 Thread 0x0000013a20576a20 Exception <a 'java/io/FileNotFoundException'{0x00000000d6636da0}> (0x00000000d6636da0) 
thrown [s\src\hotspot\share\prims\jni.cpp, line 520]
Event: 13.553 Thread 0x0000013a20576a20 Exception <a 'java/lang/UnsatisfiedLinkError'{0x00000000d668f828}: The specified procedure could not be found.
> (0x00000000d668f828) 
thrown [s\src\hotspot\share\prims\jni.cpp, line 539]

ZGC Phase Switch (0 events):
No events

VM Operations (20 events):
Event: 9.058 Executing VM operation: CollectForMetadataAllocation (Metadata GC Threshold) done
Event: 9.340 Executing VM operation: ParallelGCFailedAllocation (Allocation Failure)
Event: 9.341 Executing VM operation: ParallelGCFailedAllocation (Allocation Failure) done
Event: 9.940 Executing VM operation: ParallelGCFailedAllocation (Allocation Failure)
Event: 9.942 Executing VM operation: ParallelGCFailedAllocation (Allocation Failure) done
Event: 9.972 Executing VM operation: HandshakeAllThreads (Deoptimize)
Event: 9.972 Executing VM operation: HandshakeAllThreads (Deoptimize) done
Event: 10.135 Executing VM operation: ParallelGCFailedAllocation (Allocation Failure)
Event: 10.137 Executing VM operation: ParallelGCFailedAllocation (Allocation Failure) done
Event: 10.274 Executing VM operation: HandshakeAllThreads (Deoptimize)
Event: 10.274 Executing VM operation: HandshakeAllThreads (Deoptimize) done
Event: 11.274 Executing VM operation: Cleanup
Event: 13.381 Executing VM operation: Cleanup done
Event: 13.413 Executing VM operation: ParallelGCFailedAllocation (Allocation Failure)
Event: 13.416 Executing VM operation: ParallelGCFailedAllocation (Allocation Failure) done
Event: 13.417 Executing VM operation: HandshakeAllThreads (Deoptimize)
Event: 13.417 Executing VM operation: HandshakeAllThreads (Deoptimize) done
Event: 13.435 Executing VM operation: HandshakeAllThreads (Deoptimize)
Event: 13.436 Executing VM operation: HandshakeAllThreads (Deoptimize) done
Event: 14.439 Executing VM operation: Cleanup

Memory protections (0 events):
No events

Nmethod flushes (0 events):
No events

Events (20 events):
Event: 0.295 Thread 0x00000139c0054360 Thread added: 0x0000013a1b778560
Event: 0.296 Thread 0x00000139c0054360 Thread added: 0x0000013a1b77eda0
Event: 0.296 Thread 0x00000139c0054360 Thread added: 0x0000013a1b785e20
Event: 0.296 Thread 0x00000139c0054360 Thread added: 0x0000013a1b799e80
Event: 0.296 Thread 0x00000139c0054360 Thread added: 0x0000013a1b79e480
Event: 0.500 Thread 0x00000139c0054360 Thread added: 0x0000013a1b916f80
Event: 0.850 Thread 0x00000139c0054360 Thread added: 0x0000013a1ba7a720
Event: 3.462 Thread 0x00000139c0054360 Thread added: 0x0000013a205c7710
Event: 3.946 Thread 0x00000139c0054360 Thread added: 0x0000013a205ba790
Event: 3.986 Thread 0x0000013a205ba790 Thread added: 0x0000013a204afeb0
Event: 3.989 Thread 0x00000139c0054360 Thread added: 0x0000013a20576a20
Event: 4.516 Thread 0x0000013a20576a20 Thread added: 0x0000013a20cfbaf0
Event: 5.077 Thread 0x0000013a20576a20 Thread added: 0x0000013a20b2f1d0
Event: 5.640 Thread 0x0000013a20576a20 Thread added: 0x0000013a20a7c8d0
Event: 8.148 Thread 0x0000013a20576a20 Thread added: 0x0000013a20a7c240
Event: 8.227 Thread 0x0000013a20576a20 Thread added: 0x0000013a20a7d5f0
Event: 8.274 Thread 0x0000013a20576a20 Thread added: 0x0000013a20a7dc80
Event: 9.947 Thread 0x0000013a20a7d5f0 Thread added: 0x0000013a20a7f030
Event: 10.186 Thread 0x0000013a20a7f030 Thread added: 0x0000013a20a7bbb0
Event: 10.247 Thread 0x0000013a20576a20 Thread added: 0x0000013a20a7e310


Dynamic libraries:
0x00007ff64bca0000 - 0x00007ff64bcae000 	c:\Users\prcri\.vscode\extensions\redhat.java-1.51.0-win32-x64\jre\21.0.9-win32-x86_64\bin\java.exe
0x00007ffd68220000 - 0x00007ffd68487000 	C:\windows\SYSTEM32\ntdll.dll
0x00007ffd674d0000 - 0x00007ffd67599000 	C:\windows\System32\KERNEL32.DLL
0x00007ffd65b90000 - 0x00007ffd65f7f000 	C:\windows\System32\KERNELBASE.dll
0x00007ffd656f0000 - 0x00007ffd6583b000 	C:\windows\System32\ucrtbase.dll
0x00007ffd3a830000 - 0x00007ffd3a848000 	c:\Users\prcri\.vscode\extensions\redhat.java-1.51.0-win32-x64\jre\21.0.9-win32-x86_64\bin\jli.dll
0x00007ffd672a0000 - 0x00007ffd67465000 	C:\windows\System32\USER32.dll
0x00007ffd65f90000 - 0x00007ffd65fb7000 	C:\windows\System32\win32u.dll
0x00007ffd3a390000 - 0x00007ffd3a3ae000 	c:\Users\prcri\.vscode\extensions\redhat.java-1.51.0-win32-x64\jre\21.0.9-win32-x86_64\bin\VCRUNTIME140.dll
0x00007ffd67f30000 - 0x00007ffd67f5b000 	C:\windows\System32\GDI32.dll
0x00007ffd65840000 - 0x00007ffd6596c000 	C:\windows\System32\gdi32full.dll
0x00007ffd65ae0000 - 0x00007ffd65b83000 	C:\windows\System32\msvcp_win.dll
0x00007ffd4a2a0000 - 0x00007ffd4a533000 	C:\windows\WinSxS\amd64_microsoft.windows.common-controls_6595b64144ccf1df_6.0.26100.7309_none_3e05feeae336a044\COMCTL32.dll
0x00007ffd67ca0000 - 0x00007ffd67d49000 	C:\windows\System32\msvcrt.dll
0x00007ffd664d0000 - 0x00007ffd66501000 	C:\windows\System32\IMM32.DLL
0x00007ffd4adc0000 - 0x00007ffd4adcc000 	c:\Users\prcri\.vscode\extensions\redhat.java-1.51.0-win32-x64\jre\21.0.9-win32-x86_64\bin\vcruntime140_1.dll
0x00007ffd21ae0000 - 0x00007ffd21b6d000 	c:\Users\prcri\.vscode\extensions\redhat.java-1.51.0-win32-x64\jre\21.0.9-win32-x86_64\bin\msvcp140.dll
0x00007ffc5c8b0000 - 0x00007ffc5d650000 	c:\Users\prcri\.vscode\extensions\redhat.java-1.51.0-win32-x64\jre\21.0.9-win32-x86_64\bin\server\jvm.dll
0x00007ffd67710000 - 0x00007ffd677c4000 	C:\windows\System32\ADVAPI32.dll
0x00007ffd66610000 - 0x00007ffd666b6000 	C:\windows\System32\sechost.dll
0x00007ffd67e10000 - 0x00007ffd67f28000 	C:\windows\System32\RPCRT4.dll
0x00007ffd68150000 - 0x00007ffd681c4000 	C:\windows\System32\WS2_32.dll
0x00007ffd58720000 - 0x00007ffd58755000 	C:\windows\SYSTEM32\WINMM.dll
0x00007ffd651d0000 - 0x00007ffd6522e000 	C:\windows\SYSTEM32\POWRPROF.dll
0x00007ffd57840000 - 0x00007ffd5784b000 	C:\windows\SYSTEM32\VERSION.dll
0x00007ffd651b0000 - 0x00007ffd651c4000 	C:\windows\SYSTEM32\UMPDC.dll
0x00007ffd64120000 - 0x00007ffd6413b000 	C:\windows\SYSTEM32\kernel.appcore.dll
0x00007ffd49670000 - 0x00007ffd4967a000 	c:\Users\prcri\.vscode\extensions\redhat.java-1.51.0-win32-x64\jre\21.0.9-win32-x86_64\bin\jimage.dll
0x00007ffd56280000 - 0x00007ffd564c2000 	C:\windows\SYSTEM32\DBGHELP.DLL
0x00007ffd666d0000 - 0x00007ffd66a56000 	C:\windows\System32\combase.dll
0x00007ffd67f60000 - 0x00007ffd68036000 	C:\windows\System32\OLEAUT32.dll
0x00007ffd4a260000 - 0x00007ffd4a29c000 	C:\windows\SYSTEM32\dbgcore.DLL
0x00007ffd65580000 - 0x00007ffd65625000 	C:\windows\System32\bcryptPrimitives.dll
0x00007ffd48f30000 - 0x00007ffd48f3f000 	c:\Users\prcri\.vscode\extensions\redhat.java-1.51.0-win32-x64\jre\21.0.9-win32-x86_64\bin\instrument.dll
0x00007ffd294e0000 - 0x00007ffd29500000 	c:\Users\prcri\.vscode\extensions\redhat.java-1.51.0-win32-x64\jre\21.0.9-win32-x86_64\bin\java.dll
0x00007ffd66b40000 - 0x00007ffd67293000 	C:\windows\System32\SHELL32.dll
0x00007ffd65970000 - 0x00007ffd65ada000 	C:\windows\System32\wintypes.dll
0x00007ffd62f40000 - 0x00007ffd6379e000 	C:\windows\SYSTEM32\windows.storage.dll
0x00007ffd68040000 - 0x00007ffd68135000 	C:\windows\System32\SHCORE.dll
0x00007ffd677d0000 - 0x00007ffd67836000 	C:\windows\System32\shlwapi.dll
0x00007ffd65290000 - 0x00007ffd652b9000 	C:\windows\SYSTEM32\profapi.dll
0x00007ffd28980000 - 0x00007ffd28998000 	c:\Users\prcri\.vscode\extensions\redhat.java-1.51.0-win32-x64\jre\21.0.9-win32-x86_64\bin\zip.dll
0x00007ffd43d10000 - 0x00007ffd43d20000 	C:\Users\prcri\.vscode\extensions\redhat.java-1.51.0-win32-x64\jre\21.0.9-win32-x86_64\bin\net.dll
0x00007ffd5dae0000 - 0x00007ffd5dc08000 	C:\windows\SYSTEM32\WINHTTP.dll
0x00007ffd64690000 - 0x00007ffd646fb000 	C:\windows\system32\mswsock.dll
0x00007ffd345a0000 - 0x00007ffd345b6000 	C:\Users\prcri\.vscode\extensions\redhat.java-1.51.0-win32-x64\jre\21.0.9-win32-x86_64\bin\nio.dll
0x00007ffd40370000 - 0x00007ffd40380000 	c:\Users\prcri\.vscode\extensions\redhat.java-1.51.0-win32-x64\jre\21.0.9-win32-x86_64\bin\verify.dll
0x00007ffd3a410000 - 0x00007ffd3a454000 	C:\Users\prcri\AppData\Roaming\Code\User\globalStorage\redhat.java\1.51.0\config_win\org.eclipse.equinox.launcher\org.eclipse.equinox.launcher.win32.win32.x86_64_1.2.1400.v20250801-0854\eclipse_11916.dll
0x00007ffd67900000 - 0x00007ffd67a97000 	C:\windows\System32\ole32.dll
0x00007ffd64950000 - 0x00007ffd6496b000 	C:\windows\SYSTEM32\CRYPTSP.dll
0x00007ffd64080000 - 0x00007ffd640ba000 	C:\windows\system32\rsaenh.dll
0x00007ffd64740000 - 0x00007ffd6476b000 	C:\windows\SYSTEM32\USERENV.dll
0x00007ffd65260000 - 0x00007ffd6528a000 	C:\windows\SYSTEM32\bcrypt.dll
0x00007ffd64970000 - 0x00007ffd6497c000 	C:\windows\SYSTEM32\CRYPTBASE.dll
0x00007ffd63ae0000 - 0x00007ffd63b14000 	C:\windows\SYSTEM32\IPHLPAPI.DLL
0x00007ffd666c0000 - 0x00007ffd666ca000 	C:\windows\System32\NSI.dll
0x00007ffd39c80000 - 0x00007ffd39cc9000 	C:\Users\prcri\AppData\Local\Temp\jna-106929304\jna15381168658908417585.dll
0x00007ffd681d0000 - 0x00007ffd681d8000 	C:\windows\System32\PSAPI.DLL
0x00007ffd5ea30000 - 0x00007ffd5ea4e000 	C:\windows\SYSTEM32\dhcpcsvc6.DLL
0x00007ffd5ea00000 - 0x00007ffd5ea23000 	C:\windows\SYSTEM32\dhcpcsvc.DLL

JVMTI agents:
c:\Users\prcri\.vscode\extensions\redhat.java-1.51.0-win32-x64\lombok\lombok-1.18.39-4050.jar path:c:\Users\prcri\.vscode\extensions\redhat.java-1.51.0-win32-x64\jre\21.0.9-win32-x86_64\bin\instrument.dll, loaded, initialized, instrumentlib options:none

dbghelp: loaded successfully - version: 4.0.5 - missing functions: none
symbol engine: initialized successfully - sym options: 0x614 - pdb path: .;c:\Users\prcri\.vscode\extensions\redhat.java-1.51.0-win32-x64\jre\21.0.9-win32-x86_64\bin;C:\windows\SYSTEM32;C:\windows\WinSxS\amd64_microsoft.windows.common-controls_6595b64144ccf1df_6.0.26100.7309_none_3e05feeae336a044;c:\Users\prcri\.vscode\extensions\redhat.java-1.51.0-win32-x64\jre\21.0.9-win32-x86_64\bin\server;C:\Users\prcri\AppData\Roaming\Code\User\globalStorage\redhat.java\1.51.0\config_win\org.eclipse.equinox.launcher\org.eclipse.equinox.launcher.win32.win32.x86_64_1.2.1400.v20250801-0854;C:\Users\prcri\AppData\Local\Temp\jna-106929304

VM Arguments:
jvm_args: --add-modules=ALL-SYSTEM --add-opens=java.base/java.util=ALL-UNNAMED --add-opens=java.base/java.lang=ALL-UNNAMED --add-opens=java.base/sun.nio.fs=ALL-UNNAMED -Declipse.application=org.eclipse.jdt.ls.core.id1 -Dosgi.bundles.defaultStartLevel=4 -Declipse.product=org.eclipse.jdt.ls.core.product -Djava.import.generatesMetadataFilesAtProjectRoot=false -DDetectVMInstallationsJob.disabled=true -Dfile.encoding=utf8 -XX:+UseParallelGC -XX:GCTimeRatio=4 -XX:AdaptiveSizePolicyWeight=90 -Dsun.zip.disableMemoryMapping=true -Xmx2G -Xms100m -Xlog:disable -javaagent:c:\Users\prcri\.vscode\extensions\redhat.java-1.51.0-win32-x64\lombok\lombok-1.18.39-4050.jar -XX:+HeapDumpOnOutOfMemoryError -XX:HeapDumpPath=c:\Users\prcri\AppData\Roaming\Code\User\workspaceStorage\9bac68a4509a4c6ff0f03304305a388a\redhat.java -Daether.dependencyCollector.impl=bf 
java_command: c:\Users\prcri\.vscode\extensions\redhat.java-1.51.0-win32-x64\server\plugins\org.eclipse.equinox.launcher_1.7.100.v20251111-0406.jar -configuration c:\Users\prcri\AppData\Roaming\Code\User\globalStorage\redhat.java\1.51.0\config_win -data c:\Users\prcri\AppData\Roaming\Code\User\workspaceStorage\9bac68a4509a4c6ff0f03304305a388a\redhat.java\jdt_ws --pipe=\\.\pipe\lsp-3076be3d7f3b703a6f480eed6a94ad77-sock
java_class_path (initial): c:\Users\prcri\.vscode\extensions\redhat.java-1.51.0-win32-x64\server\plugins\org.eclipse.equinox.launcher_1.7.100.v20251111-0406.jar
Launcher Type: SUN_STANDARD

[Global flags]
    uintx AdaptiveSizePolicyWeight                 = 90                                        {product} {command line}
     intx CICompilerCount                          = 4                                         {product} {ergonomic}
    uintx GCTimeRatio                              = 4                                         {product} {command line}
     bool HeapDumpOnOutOfMemoryError               = true                                   {manageable} {command line}
    ccstr HeapDumpPath                             = c:\Users\prcri\AppData\Roaming\Code\User\workspaceStorage\9bac68a4509a4c6ff0f03304305a388a\redhat.java         {manageable} {command line}
   size_t InitialHeapSize                          = 104857600                                 {product} {command line}
   size_t MaxHeapSize                              = 2147483648                                {product} {command line}
   size_t MaxNewSize                               = 715653120                                 {product} {ergonomic}
   size_t MinHeapDeltaBytes                        = 524288                                    {product} {ergonomic}
   size_t MinHeapSize                              = 104857600                                 {product} {command line}
   size_t NewSize                                  = 34603008                                  {product} {ergonomic}
    uintx NonNMethodCodeHeapSize                   = 5839372                                {pd product} {ergonomic}
    uintx NonProfiledCodeHeapSize                  = 122909434                              {pd product} {ergonomic}
   size_t OldSize                                  = 70254592                                  {product} {ergonomic}
    uintx ProfiledCodeHeapSize                     = 122909434                              {pd product} {ergonomic}
    uintx ReservedCodeCacheSize                    = 251658240                              {pd product} {ergonomic}
     bool SegmentedCodeCache                       = true                                      {product} {ergonomic}
   size_t SoftMaxHeapSize                          = 2147483648                             {manageable} {ergonomic}
     bool UseCompressedOops                        = true                           {product lp64_product} {ergonomic}
     bool UseLargePagesIndividualAllocation        = false                                  {pd product} {ergonomic}
     bool UseParallelGC                            = true                                      {product} {command line}

Logging:
Log output configuration:
 #0: stdout all=off uptime,level,tags foldmultilines=false
 #1: stderr all=off uptime,level,tags foldmultilines=false

Release file:
JAVA_VERSION="21.0.9" 
MODULES="java.base java.compiler java.datatransfer java.xml java.prefs java.desktop java.instrument java.logging java.management java.security.sasl java.naming java.rmi java.management.rmi java.net.http java.scripting java.security.jgss java.transaction.xa java.sql java.sql.rowset java.xml.crypto java.se java.smartcardio jdk.accessibility jdk.internal.jvmstat jdk.attach jdk.charsets jdk.internal.opt jdk.zipfs jdk.compiler jdk.crypto.ec jdk.crypto.cryptoki jdk.crypto.mscapi jdk.dynalink jdk.internal.ed jdk.editpad jdk.hotspot.agent jdk.httpserver jdk.internal.le jdk.internal.vm.ci jdk.internal.vm.compiler jdk.internal.vm.compiler.management jdk.jartool jdk.javadoc jdk.jcmd jdk.management jdk.management.agent jdk.jconsole jdk.jdeps jdk.jdwp.agent jdk.jdi jdk.jfr jdk.jshell jdk.jsobject jdk.jstatd jdk.localedata jdk.management.jfr jdk.naming.dns jdk.naming.rmi jdk.net jdk.nio.mapmode jdk.random jdk.sctp jdk.security.auth jdk.security.jgss jdk.unsupported jdk.unsupported.desktop jdk.xml.dom" 

Environment Variables:
JAVA_HOME=C:\Program Files\Eclipse Adoptium\jdk-21.0.8.9-hotspot\
PATH=C:\Users\prcri\Downloads\apache-maven-3.9.11-bin\apache-maven-3.9.11\bin;C:\windows\system32;C:\windows;C:\windows\System32\Wbem;C:\windows\System32\WindowsPowerShell\v1.0\;C:\windows\System32\OpenSSH\;C:\Program Files\HP\HP One Agent;C:\Program Files\Git\cmd;C:\Program Files\Wolfram Research\WolframScript\;C:\Users\prcri\Downloads\clojure_projects\;C:\Program Files\MongoDB\Server\8.0\bin;C:\Program Files\MongoDB\Tools\100\bin;C:\Program Files\nodejs\;C:\Users\prcri\AppData\Local\Programs\Python\Launcher\;C:\Users\prcri\AppData\Local\Microsoft\WindowsApps;C:\Users\prcri\AppData\Local\Apps\clojure\;C:\Users\prcri\AppData\Local\Programs\Microsoft VS Code\bin;C:\Users\prcri\AppData\Local\gitkraken\bin;C:\Users\prcri\AppData\Local\Programs\mongosh\;C:\Users\prcri\AppData\Local\Microsoft\WinGet\Packages\Schniz.fnm_Microsoft.Winget.Source_8wekyb3d8bbwe;C:\Users\prcri\AppData\Roaming\npm
USERNAME=prcri
OS=Windows_NT
PROCESSOR_IDENTIFIER=AMD64 Family 25 Model 68 Stepping 1, AuthenticAMD
TMP=C:\Users\prcri\AppData\Local\Temp
TEMP=C:\Users\prcri\AppData\Local\Temp




Periodic native trim disabled

---------------  S Y S T E M  ---------------

OS:
 Windows 11 , 64 bit Build 26100 (10.0.26100.7623)
OS uptime: 2 days 20:40 hours
Hyper-V role detected

CPU: total 12 (initial active 12) (12 cores per cpu, 2 threads per core) family 25 model 68 stepping 1 microcode 0xa40410a, cx8, cmov, fxsr, ht, mmx, 3dnowpref, sse, sse2, sse3, ssse3, sse4a, sse4.1, sse4.2, popcnt, lzcnt, tsc, tscinvbit, avx, avx2, aes, erms, clmul, bmi1, bmi2, adx, sha, fma, vzeroupper, clflush, clflushopt, hv, rdtscp, rdpid, fsrm, f16c, cet_ss
Processor Information for the first 12 processors :
  Max Mhz: 3301, Current Mhz: 3301, Mhz Limit: 3301

Memory: 4k page, system-wide physical 7381M (315M free)
TotalPageFile size 29909M (AvailPageFile size 0M)
current process WorkingSet (physical memory assigned to process): 164M, peak: 164M
current process commit charge ("private bytes"): 311M, peak: 312M

vm_info: OpenJDK 64-Bit Server VM (21.0.9+10-LTS) for windows-amd64 JRE (21.0.9+10-LTS), built on 2025-10-21T00:00:00Z by "admin" with unknown MS VC++:1942

END.
